// Vitest Snapshot v1, https://vitest.dev/guide/snapshot.html

exports[`rolldown 1`] = `
"// main.js
const values = [
	"foo",
	100,
	4
];
//#endregion
//#region tests/fixtures/main.ts
/**
* TestEnum.A
*/
function jsdoc() {}
console.log("foo", 100, 4);
console.log(values);
//#endregion
export { jsdoc };
"
`;
